../Src/DMA.program.c:10:6:DMA_voidInit	4	static
../Src/DMA.program.c:82:6:DMA_u8ChannelStart	24	static
../Src/DMA.program.c:97:4:DMA_voidSetCallBack	24	static
../Src/DMA.program.c:114:6:DMA1_Channel1_IRQHandler	8	static
../Src/DMA.program.c:125:6:DMA1_Channel2_IRQHandler	8	static
../Src/DMA.program.c:135:6:DMA1_Channel3_IRQHandler	8	static
../Src/DMA.program.c:145:6:DMA1_Channel4_IRQHandler	8	static
../Src/DMA.program.c:155:6:DMA1_Channel5_IRQHandler	8	static
../Src/DMA.program.c:165:6:DMA1_Channel6_IRQHandler	8	static
../Src/DMA.program.c:175:6:DMA1_Channel7_IRQHandler	8	static
